                                      1 ;--------------------------------------------------------
                                      2 ; File Created by SDCC : free open source ISO C Compiler
                                      3 ; Version 4.5.1 #15267 (Mac OS X ppc)
                                      4 ;--------------------------------------------------------
                                      5 	.module scene
                                      6 	
                                      7 ;--------------------------------------------------------
                                      8 ; Public variables in this module
                                      9 ;--------------------------------------------------------
                                     10 	.globl _set_bkg_tiles
                                     11 	.globl _set_bkg_data
                                     12 	.globl _scene_init
                                     13 	.globl _scene_draw_box
                                     14 ;--------------------------------------------------------
                                     15 ; special function registers
                                     16 ;--------------------------------------------------------
                                     17 	.area _HRAM
                                     18 ;--------------------------------------------------------
                                     19 ; ram data
                                     20 ;--------------------------------------------------------
                                     21 	.area _DATA
                                     22 ;--------------------------------------------------------
                                     23 ; ram data
                                     24 ;--------------------------------------------------------
                                     25 	.area _INITIALIZED
                                     26 ;--------------------------------------------------------
                                     27 ; absolute external ram data
                                     28 ;--------------------------------------------------------
                                     29 	.area _DABS (ABS)
                                     30 ;--------------------------------------------------------
                                     31 ; global & static initialisations
                                     32 ;--------------------------------------------------------
                                     33 	.area _HOME
                                     34 	.area _GSINIT
                                     35 	.area _GSFINAL
                                     36 	.area _GSINIT
                                     37 ;--------------------------------------------------------
                                     38 ; Home
                                     39 ;--------------------------------------------------------
                                     40 	.area _HOME
                                     41 	.area _HOME
                                     42 ;--------------------------------------------------------
                                     43 ; code
                                     44 ;--------------------------------------------------------
                                     45 	.area _CODE
                                     46 ;scene.c:51: void scene_init(void) {
                                     47 ;	---------------------------------
                                     48 ; Function scene_init
                                     49 ; ---------------------------------
    00000000                         50 _scene_init::
    00000000 3B               [ 8]   51 	dec	sp
                                     52 ;scene.c:54: set_bkg_data(TILE_BLANK,  1, tile_blank);
    00000001 11rA2r00         [12]   53 	ld	de, #_tile_blank
    00000004 D5               [16]   54 	push	de
    00000005 AF               [ 4]   55 	xor	a, a
    00000006 3C               [ 4]   56 	inc	a
    00000007 F5               [16]   57 	push	af
    00000008 CDr00r00         [24]   58 	call	_set_bkg_data
    0000000B E8 04            [16]   59 	add	sp, #4
                                     60 ;scene.c:55: set_bkg_data(TILE_TL,     1, tile_tl);
    0000000D 11rB2r00         [12]   61 	ld	de, #_tile_tl
    00000010 D5               [16]   62 	push	de
    00000011 21 01 01         [12]   63 	ld	hl, #0x101
    00000014 E5               [16]   64 	push	hl
    00000015 CDr00r00         [24]   65 	call	_set_bkg_data
    00000018 E8 04            [16]   66 	add	sp, #4
                                     67 ;scene.c:56: set_bkg_data(TILE_TR,     1, tile_tr);
    0000001A 11rC2r00         [12]   68 	ld	de, #_tile_tr
    0000001D D5               [16]   69 	push	de
    0000001E 21 02 01         [12]   70 	ld	hl, #0x102
    00000021 E5               [16]   71 	push	hl
    00000022 CDr00r00         [24]   72 	call	_set_bkg_data
    00000025 E8 04            [16]   73 	add	sp, #4
                                     74 ;scene.c:57: set_bkg_data(TILE_BL,     1, tile_bl);
    00000027 11rD2r00         [12]   75 	ld	de, #_tile_bl
    0000002A D5               [16]   76 	push	de
    0000002B 21 03 01         [12]   77 	ld	hl, #0x103
    0000002E E5               [16]   78 	push	hl
    0000002F CDr00r00         [24]   79 	call	_set_bkg_data
    00000032 E8 04            [16]   80 	add	sp, #4
                                     81 ;scene.c:58: set_bkg_data(TILE_BR,     1, tile_br);
    00000034 11rE2r00         [12]   82 	ld	de, #_tile_br
    00000037 D5               [16]   83 	push	de
    00000038 21 04 01         [12]   84 	ld	hl, #0x104
    0000003B E5               [16]   85 	push	hl
    0000003C CDr00r00         [24]   86 	call	_set_bkg_data
    0000003F E8 04            [16]   87 	add	sp, #4
                                     88 ;scene.c:59: set_bkg_data(TILE_H_TOP,  1, tile_h_top);
    00000041 11rF2r00         [12]   89 	ld	de, #_tile_h_top
    00000044 D5               [16]   90 	push	de
    00000045 21 05 01         [12]   91 	ld	hl, #0x105
    00000048 E5               [16]   92 	push	hl
    00000049 CDr00r00         [24]   93 	call	_set_bkg_data
    0000004C E8 04            [16]   94 	add	sp, #4
                                     95 ;scene.c:60: set_bkg_data(TILE_H_BOT,  1, tile_h_bot);
    0000004E 11r02r01         [12]   96 	ld	de, #_tile_h_bot
    00000051 D5               [16]   97 	push	de
    00000052 21 06 01         [12]   98 	ld	hl, #0x106
    00000055 E5               [16]   99 	push	hl
    00000056 CDr00r00         [24]  100 	call	_set_bkg_data
    00000059 E8 04            [16]  101 	add	sp, #4
                                    102 ;scene.c:61: set_bkg_data(TILE_V_L,    1, tile_v_l);
    0000005B 11r12r01         [12]  103 	ld	de, #_tile_v_l
    0000005E D5               [16]  104 	push	de
    0000005F 21 07 01         [12]  105 	ld	hl, #0x107
    00000062 E5               [16]  106 	push	hl
    00000063 CDr00r00         [24]  107 	call	_set_bkg_data
    00000066 E8 04            [16]  108 	add	sp, #4
                                    109 ;scene.c:62: set_bkg_data(TILE_V_R,    1, tile_v_r);
    00000068 11r22r01         [12]  110 	ld	de, #_tile_v_r
    0000006B D5               [16]  111 	push	de
    0000006C 21 08 01         [12]  112 	ld	hl, #0x108
    0000006F E5               [16]  113 	push	hl
    00000070 CDr00r00         [24]  114 	call	_set_bkg_data
    00000073 E8 04            [16]  115 	add	sp, #4
                                    116 ;scene.c:65: t = TILE_BLANK;
    00000075 F8 00            [12]  117 	ldhl	sp,	#0
    00000077 36 00            [12]  118 	ld	(hl), #0x00
                                    119 ;scene.c:66: for (row = 0; row < 18; row++) {
    00000079 0E 00            [ 8]  120 	ld	c, #0x00
                                    121 ;scene.c:67: for (col = 0; col < 32; col++) {
    0000007B                        122 00109$:
    0000007B 06 00            [ 8]  123 	ld	b, #0x00
    0000007D                        124 00103$:
                                    125 ;scene.c:68: set_bkg_tiles(col, row, 1, 1, &t);
    0000007D F8 00            [12]  126 	ldhl	sp,	#0
    0000007F E5               [16]  127 	push	hl
    00000080 21 01 01         [12]  128 	ld	hl, #0x101
    00000083 E5               [16]  129 	push	hl
    00000084 79               [ 4]  130 	ld	a, c
    00000085 F5               [16]  131 	push	af
    00000086 33               [ 8]  132 	inc	sp
    00000087 C5               [16]  133 	push	bc
    00000088 33               [ 8]  134 	inc	sp
    00000089 CDr00r00         [24]  135 	call	_set_bkg_tiles
    0000008C E8 06            [16]  136 	add	sp, #6
                                    137 ;scene.c:67: for (col = 0; col < 32; col++) {
    0000008E 04               [ 4]  138 	inc	b
    0000008F 78               [ 4]  139 	ld	a, b
    00000090 D6 20            [ 8]  140 	sub	a, #0x20
    00000092 38 E9            [12]  141 	jr	C, 00103$
                                    142 ;scene.c:66: for (row = 0; row < 18; row++) {
    00000094 0C               [ 4]  143 	inc	c
    00000095 79               [ 4]  144 	ld	a, c
    00000096 D6 12            [ 8]  145 	sub	a, #0x12
    00000098 38 E1            [12]  146 	jr	C, 00109$
                                    147 ;scene.c:72: SHOW_BKG;
    0000009A F0r00            [12]  148 	ldh	a, (_LCDC_REG + 0)
    0000009C F6 01            [ 8]  149 	or	a, #0x01
    0000009E E0r00            [12]  150 	ldh	(_LCDC_REG + 0), a
                                    151 ;scene.c:73: }
    000000A0 33               [ 8]  152 	inc	sp
    000000A1 C9               [16]  153 	ret
    000000A2                        154 _tile_blank:
    000000A2 00                     155 	.db #0x00	; 0
    000000A3 00                     156 	.db #0x00	; 0
    000000A4 00                     157 	.db #0x00	; 0
    000000A5 00                     158 	.db #0x00	; 0
    000000A6 00                     159 	.db #0x00	; 0
    000000A7 00                     160 	.db #0x00	; 0
    000000A8 00                     161 	.db #0x00	; 0
    000000A9 00                     162 	.db #0x00	; 0
    000000AA 00                     163 	.db #0x00	; 0
    000000AB 00                     164 	.db #0x00	; 0
    000000AC 00                     165 	.db #0x00	; 0
    000000AD 00                     166 	.db #0x00	; 0
    000000AE 00                     167 	.db #0x00	; 0
    000000AF 00                     168 	.db #0x00	; 0
    000000B0 00                     169 	.db #0x00	; 0
    000000B1 00                     170 	.db #0x00	; 0
    000000B2                        171 _tile_tl:
    000000B2 FF                     172 	.db #0xff	; 255
    000000B3 FF                     173 	.db #0xff	; 255
    000000B4 80                     174 	.db #0x80	; 128
    000000B5 80                     175 	.db #0x80	; 128
    000000B6 80                     176 	.db #0x80	; 128
    000000B7 80                     177 	.db #0x80	; 128
    000000B8 80                     178 	.db #0x80	; 128
    000000B9 80                     179 	.db #0x80	; 128
    000000BA 80                     180 	.db #0x80	; 128
    000000BB 80                     181 	.db #0x80	; 128
    000000BC 80                     182 	.db #0x80	; 128
    000000BD 80                     183 	.db #0x80	; 128
    000000BE 80                     184 	.db #0x80	; 128
    000000BF 80                     185 	.db #0x80	; 128
    000000C0 80                     186 	.db #0x80	; 128
    000000C1 80                     187 	.db #0x80	; 128
    000000C2                        188 _tile_tr:
    000000C2 FF                     189 	.db #0xff	; 255
    000000C3 FF                     190 	.db #0xff	; 255
    000000C4 01                     191 	.db #0x01	; 1
    000000C5 01                     192 	.db #0x01	; 1
    000000C6 01                     193 	.db #0x01	; 1
    000000C7 01                     194 	.db #0x01	; 1
    000000C8 01                     195 	.db #0x01	; 1
    000000C9 01                     196 	.db #0x01	; 1
    000000CA 01                     197 	.db #0x01	; 1
    000000CB 01                     198 	.db #0x01	; 1
    000000CC 01                     199 	.db #0x01	; 1
    000000CD 01                     200 	.db #0x01	; 1
    000000CE 01                     201 	.db #0x01	; 1
    000000CF 01                     202 	.db #0x01	; 1
    000000D0 01                     203 	.db #0x01	; 1
    000000D1 01                     204 	.db #0x01	; 1
    000000D2                        205 _tile_bl:
    000000D2 80                     206 	.db #0x80	; 128
    000000D3 80                     207 	.db #0x80	; 128
    000000D4 80                     208 	.db #0x80	; 128
    000000D5 80                     209 	.db #0x80	; 128
    000000D6 80                     210 	.db #0x80	; 128
    000000D7 80                     211 	.db #0x80	; 128
    000000D8 80                     212 	.db #0x80	; 128
    000000D9 80                     213 	.db #0x80	; 128
    000000DA 80                     214 	.db #0x80	; 128
    000000DB 80                     215 	.db #0x80	; 128
    000000DC 80                     216 	.db #0x80	; 128
    000000DD 80                     217 	.db #0x80	; 128
    000000DE 80                     218 	.db #0x80	; 128
    000000DF 80                     219 	.db #0x80	; 128
    000000E0 FF                     220 	.db #0xff	; 255
    000000E1 FF                     221 	.db #0xff	; 255
    000000E2                        222 _tile_br:
    000000E2 01                     223 	.db #0x01	; 1
    000000E3 01                     224 	.db #0x01	; 1
    000000E4 01                     225 	.db #0x01	; 1
    000000E5 01                     226 	.db #0x01	; 1
    000000E6 01                     227 	.db #0x01	; 1
    000000E7 01                     228 	.db #0x01	; 1
    000000E8 01                     229 	.db #0x01	; 1
    000000E9 01                     230 	.db #0x01	; 1
    000000EA 01                     231 	.db #0x01	; 1
    000000EB 01                     232 	.db #0x01	; 1
    000000EC 01                     233 	.db #0x01	; 1
    000000ED 01                     234 	.db #0x01	; 1
    000000EE 01                     235 	.db #0x01	; 1
    000000EF 01                     236 	.db #0x01	; 1
    000000F0 FF                     237 	.db #0xff	; 255
    000000F1 FF                     238 	.db #0xff	; 255
    000000F2                        239 _tile_h_top:
    000000F2 FF                     240 	.db #0xff	; 255
    000000F3 FF                     241 	.db #0xff	; 255
    000000F4 00                     242 	.db #0x00	; 0
    000000F5 00                     243 	.db #0x00	; 0
    000000F6 00                     244 	.db #0x00	; 0
    000000F7 00                     245 	.db #0x00	; 0
    000000F8 00                     246 	.db #0x00	; 0
    000000F9 00                     247 	.db #0x00	; 0
    000000FA 00                     248 	.db #0x00	; 0
    000000FB 00                     249 	.db #0x00	; 0
    000000FC 00                     250 	.db #0x00	; 0
    000000FD 00                     251 	.db #0x00	; 0
    000000FE 00                     252 	.db #0x00	; 0
    000000FF 00                     253 	.db #0x00	; 0
    00000100 00                     254 	.db #0x00	; 0
    00000101 00                     255 	.db #0x00	; 0
    00000102                        256 _tile_h_bot:
    00000102 00                     257 	.db #0x00	; 0
    00000103 00                     258 	.db #0x00	; 0
    00000104 00                     259 	.db #0x00	; 0
    00000105 00                     260 	.db #0x00	; 0
    00000106 00                     261 	.db #0x00	; 0
    00000107 00                     262 	.db #0x00	; 0
    00000108 00                     263 	.db #0x00	; 0
    00000109 00                     264 	.db #0x00	; 0
    0000010A 00                     265 	.db #0x00	; 0
    0000010B 00                     266 	.db #0x00	; 0
    0000010C 00                     267 	.db #0x00	; 0
    0000010D 00                     268 	.db #0x00	; 0
    0000010E 00                     269 	.db #0x00	; 0
    0000010F 00                     270 	.db #0x00	; 0
    00000110 FF                     271 	.db #0xff	; 255
    00000111 FF                     272 	.db #0xff	; 255
    00000112                        273 _tile_v_l:
    00000112 80                     274 	.db #0x80	; 128
    00000113 80                     275 	.db #0x80	; 128
    00000114 80                     276 	.db #0x80	; 128
    00000115 80                     277 	.db #0x80	; 128
    00000116 80                     278 	.db #0x80	; 128
    00000117 80                     279 	.db #0x80	; 128
    00000118 80                     280 	.db #0x80	; 128
    00000119 80                     281 	.db #0x80	; 128
    0000011A 80                     282 	.db #0x80	; 128
    0000011B 80                     283 	.db #0x80	; 128
    0000011C 80                     284 	.db #0x80	; 128
    0000011D 80                     285 	.db #0x80	; 128
    0000011E 80                     286 	.db #0x80	; 128
    0000011F 80                     287 	.db #0x80	; 128
    00000120 80                     288 	.db #0x80	; 128
    00000121 80                     289 	.db #0x80	; 128
    00000122                        290 _tile_v_r:
    00000122 01                     291 	.db #0x01	; 1
    00000123 01                     292 	.db #0x01	; 1
    00000124 01                     293 	.db #0x01	; 1
    00000125 01                     294 	.db #0x01	; 1
    00000126 01                     295 	.db #0x01	; 1
    00000127 01                     296 	.db #0x01	; 1
    00000128 01                     297 	.db #0x01	; 1
    00000129 01                     298 	.db #0x01	; 1
    0000012A 01                     299 	.db #0x01	; 1
    0000012B 01                     300 	.db #0x01	; 1
    0000012C 01                     301 	.db #0x01	; 1
    0000012D 01                     302 	.db #0x01	; 1
    0000012E 01                     303 	.db #0x01	; 1
    0000012F 01                     304 	.db #0x01	; 1
    00000130 01                     305 	.db #0x01	; 1
    00000131 01                     306 	.db #0x01	; 1
                                    307 ;scene.c:75: void scene_draw_box(uint8_t tx, uint8_t ty, uint8_t tw, uint8_t th) {
                                    308 ;	---------------------------------
                                    309 ; Function scene_draw_box
                                    310 ; ---------------------------------
    00000132                        311 _scene_draw_box::
    00000132 E8 F8            [16]  312 	add	sp, #-8
    00000134 F8 06            [12]  313 	ldhl	sp,	#6
    00000136 32               [ 8]  314 	ld	(hl-), a
    00000137 73               [ 8]  315 	ld	(hl), e
                                    316 ;scene.c:78: t = TILE_TL; set_bkg_tiles(tx,          ty,          1, 1, &t);
    00000138 F8 00            [12]  317 	ldhl	sp,#0
    0000013A 36 01            [12]  318 	ld	(hl), #0x01
    0000013C E5               [16]  319 	push	hl
    0000013D 21 01 01         [12]  320 	ld	hl, #0x101
    00000140 E5               [16]  321 	push	hl
    00000141 F8 09            [12]  322 	ldhl	sp,	#9
    00000143 2A               [ 8]  323 	ld	a, (hl+)
    00000144 57               [ 4]  324 	ld	d, a
    00000145 5E               [ 8]  325 	ld	e, (hl)
    00000146 D5               [16]  326 	push	de
    00000147 CDr00r00         [24]  327 	call	_set_bkg_tiles
    0000014A E8 06            [16]  328 	add	sp, #6
                                    329 ;scene.c:79: t = TILE_TR; set_bkg_tiles(tx + tw - 1, ty,          1, 1, &t);
    0000014C F8 00            [12]  330 	ldhl	sp,#0
    0000014E 36 02            [12]  331 	ld	(hl), #0x02
    00000150 4D               [ 4]  332 	ld	c, l
    00000151 44               [ 4]  333 	ld	b, h
    00000152 F8 06            [12]  334 	ldhl	sp,	#6
    00000154 7E               [ 8]  335 	ld	a, (hl)
    00000155 F8 0A            [12]  336 	ldhl	sp,	#10
    00000157 86               [ 8]  337 	add	a, (hl)
    00000158 3D               [ 4]  338 	dec	a
    00000159 F8 01            [12]  339 	ldhl	sp,	#1
    0000015B 77               [ 8]  340 	ld	(hl), a
    0000015C C5               [16]  341 	push	bc
    0000015D 21 01 01         [12]  342 	ld	hl, #0x101
    00000160 E5               [16]  343 	push	hl
    00000161 F8 09            [12]  344 	ldhl	sp,	#9
    00000163 7E               [ 8]  345 	ld	a, (hl)
    00000164 F5               [16]  346 	push	af
    00000165 33               [ 8]  347 	inc	sp
    00000166 F8 06            [12]  348 	ldhl	sp,	#6
    00000168 7E               [ 8]  349 	ld	a, (hl)
    00000169 F5               [16]  350 	push	af
    0000016A 33               [ 8]  351 	inc	sp
    0000016B CDr00r00         [24]  352 	call	_set_bkg_tiles
    0000016E E8 06            [16]  353 	add	sp, #6
                                    354 ;scene.c:80: t = TILE_BL; set_bkg_tiles(tx,          ty + th - 1, 1, 1, &t);
    00000170 F8 00            [12]  355 	ldhl	sp,#0
    00000172 36 03            [12]  356 	ld	(hl), #0x03
    00000174 4D               [ 4]  357 	ld	c, l
    00000175 44               [ 4]  358 	ld	b, h
    00000176 F8 05            [12]  359 	ldhl	sp,	#5
    00000178 7E               [ 8]  360 	ld	a, (hl)
    00000179 F8 0B            [12]  361 	ldhl	sp,	#11
    0000017B 86               [ 8]  362 	add	a, (hl)
    0000017C 3D               [ 4]  363 	dec	a
    0000017D F8 02            [12]  364 	ldhl	sp,	#2
    0000017F 77               [ 8]  365 	ld	(hl), a
    00000180 C5               [16]  366 	push	bc
    00000181 11 01 01         [12]  367 	ld	de, #0x101
    00000184 D5               [16]  368 	push	de
    00000185 7E               [ 8]  369 	ld	a, (hl)
    00000186 F5               [16]  370 	push	af
    00000187 33               [ 8]  371 	inc	sp
    00000188 F8 0B            [12]  372 	ldhl	sp,	#11
    0000018A 7E               [ 8]  373 	ld	a, (hl)
    0000018B F5               [16]  374 	push	af
    0000018C 33               [ 8]  375 	inc	sp
    0000018D CDr00r00         [24]  376 	call	_set_bkg_tiles
    00000190 E8 06            [16]  377 	add	sp, #6
                                    378 ;scene.c:81: t = TILE_BR; set_bkg_tiles(tx + tw - 1, ty + th - 1, 1, 1, &t);
    00000192 F8 00            [12]  379 	ldhl	sp,#0
    00000194 36 04            [12]  380 	ld	(hl), #0x04
    00000196 E5               [16]  381 	push	hl
    00000197 21 01 01         [12]  382 	ld	hl, #0x101
    0000019A E5               [16]  383 	push	hl
    0000019B F8 06            [12]  384 	ldhl	sp,	#6
    0000019D 3A               [ 8]  385 	ld	a, (hl-)
    0000019E 57               [ 4]  386 	ld	d, a
    0000019F 5E               [ 8]  387 	ld	e, (hl)
    000001A0 D5               [16]  388 	push	de
    000001A1 CDr00r00         [24]  389 	call	_set_bkg_tiles
    000001A4 E8 06            [16]  390 	add	sp, #6
                                    391 ;scene.c:83: for (x = tx + 1; x < tx + tw - 1; x++) {
    000001A6 F8 06            [12]  392 	ldhl	sp,	#6
    000001A8 2A               [ 8]  393 	ld	a, (hl+)
    000001A9 3C               [ 4]  394 	inc	a
    000001AA 77               [ 8]  395 	ld	(hl), a
    000001AB                        396 00104$:
    000001AB F8 06            [12]  397 	ldhl	sp,	#6
    000001AD 7E               [ 8]  398 	ld	a, (hl)
    000001AE 1E 00            [ 8]  399 	ld	e, #0x00
    000001B0 F8 0A            [12]  400 	ldhl	sp,	#10
    000001B2 4E               [ 8]  401 	ld	c, (hl)
    000001B3 06 00            [ 8]  402 	ld	b, #0x00
    000001B5 81               [ 4]  403 	add	a, c
    000001B6 4F               [ 4]  404 	ld	c, a
    000001B7 7B               [ 4]  405 	ld	a, e
    000001B8 88               [ 4]  406 	adc	a, b
    000001B9 47               [ 4]  407 	ld	b, a
    000001BA 0B               [ 8]  408 	dec	bc
    000001BB F8 07            [12]  409 	ldhl	sp,	#7
    000001BD 7E               [ 8]  410 	ld	a, (hl)
    000001BE F8 03            [12]  411 	ldhl	sp,	#3
    000001C0 22               [ 8]  412 	ld	(hl+), a
    000001C1 AF               [ 4]  413 	xor	a, a
    000001C2 32               [ 8]  414 	ld	(hl-), a
    000001C3 2A               [ 8]  415 	ld	a, (hl+)
    000001C4 91               [ 4]  416 	sub	a, c
    000001C5 7E               [ 8]  417 	ld	a, (hl)
    000001C6 98               [ 4]  418 	sbc	a, b
    000001C7 56               [ 8]  419 	ld	d, (hl)
    000001C8 78               [ 4]  420 	ld	a, b
    000001C9 CB 7F            [ 8]  421 	bit	7,a
    000001CB 28 07            [12]  422 	jr	Z, 00141$
    000001CD CB 7A            [ 8]  423 	bit	7, d
    000001CF 20 08            [12]  424 	jr	NZ, 00142$
    000001D1 BF               [ 4]  425 	cp	a, a
    000001D2 18 05            [12]  426 	jr	00142$
    000001D4                        427 00141$:
    000001D4 CB 7A            [ 8]  428 	bit	7, d
    000001D6 28 01            [12]  429 	jr	Z, 00142$
    000001D8 37               [ 4]  430 	scf
    000001D9                        431 00142$:
    000001D9 30 3C            [12]  432 	jr	NC, 00101$
                                    433 ;scene.c:84: t = TILE_H_TOP; set_bkg_tiles(x, ty,          1, 1, &t);
    000001DB F8 00            [12]  434 	ldhl	sp,	#0
    000001DD 36 05            [12]  435 	ld	(hl), #0x05
    000001DF 21 00 00         [12]  436 	ld	hl, #0
    000001E2 39               [ 8]  437 	add	hl, sp
    000001E3 E5               [16]  438 	push	hl
    000001E4 21 01 01         [12]  439 	ld	hl, #0x101
    000001E7 E5               [16]  440 	push	hl
    000001E8 F8 09            [12]  441 	ldhl	sp,	#9
    000001EA 2A               [ 8]  442 	ld	a, (hl+)
    000001EB 23               [ 8]  443 	inc	hl
    000001EC F5               [16]  444 	push	af
    000001ED 33               [ 8]  445 	inc	sp
    000001EE 7E               [ 8]  446 	ld	a, (hl)
    000001EF F5               [16]  447 	push	af
    000001F0 33               [ 8]  448 	inc	sp
    000001F1 CDr00r00         [24]  449 	call	_set_bkg_tiles
    000001F4 E8 06            [16]  450 	add	sp, #6
                                    451 ;scene.c:85: t = TILE_H_BOT; set_bkg_tiles(x, ty + th - 1, 1, 1, &t);
    000001F6 F8 00            [12]  452 	ldhl	sp,	#0
    000001F8 36 06            [12]  453 	ld	(hl), #0x06
    000001FA 21 00 00         [12]  454 	ld	hl, #0
    000001FD 39               [ 8]  455 	add	hl, sp
    000001FE E5               [16]  456 	push	hl
    000001FF 21 01 01         [12]  457 	ld	hl, #0x101
    00000202 E5               [16]  458 	push	hl
    00000203 F8 06            [12]  459 	ldhl	sp,	#6
    00000205 7E               [ 8]  460 	ld	a, (hl)
    00000206 F5               [16]  461 	push	af
    00000207 33               [ 8]  462 	inc	sp
    00000208 F8 0C            [12]  463 	ldhl	sp,	#12
    0000020A 7E               [ 8]  464 	ld	a, (hl)
    0000020B F5               [16]  465 	push	af
    0000020C 33               [ 8]  466 	inc	sp
    0000020D CDr00r00         [24]  467 	call	_set_bkg_tiles
    00000210 E8 06            [16]  468 	add	sp, #6
                                    469 ;scene.c:83: for (x = tx + 1; x < tx + tw - 1; x++) {
    00000212 F8 07            [12]  470 	ldhl	sp,	#7
    00000214 34               [12]  471 	inc	(hl)
    00000215 18 94            [12]  472 	jr	00104$
    00000217                        473 00101$:
                                    474 ;scene.c:88: for (y = ty + 1; y < ty + th - 1; y++) {
    00000217 F8 05            [12]  475 	ldhl	sp,	#5
    00000219 2A               [ 8]  476 	ld	a, (hl+)
    0000021A 23               [ 8]  477 	inc	hl
    0000021B 3C               [ 4]  478 	inc	a
    0000021C 77               [ 8]  479 	ld	(hl), a
    0000021D                        480 00107$:
    0000021D F8 05            [12]  481 	ldhl	sp,	#5
    0000021F 7E               [ 8]  482 	ld	a, (hl)
    00000220 1E 00            [ 8]  483 	ld	e, #0x00
    00000222 F8 0B            [12]  484 	ldhl	sp,	#11
    00000224 4E               [ 8]  485 	ld	c, (hl)
    00000225 06 00            [ 8]  486 	ld	b, #0x00
    00000227 81               [ 4]  487 	add	a, c
    00000228 4F               [ 4]  488 	ld	c, a
    00000229 7B               [ 4]  489 	ld	a, e
    0000022A 88               [ 4]  490 	adc	a, b
    0000022B 47               [ 4]  491 	ld	b, a
    0000022C 0B               [ 8]  492 	dec	bc
    0000022D F8 07            [12]  493 	ldhl	sp,	#7
    0000022F 7E               [ 8]  494 	ld	a, (hl)
    00000230 F8 03            [12]  495 	ldhl	sp,	#3
    00000232 22               [ 8]  496 	ld	(hl+), a
    00000233 AF               [ 4]  497 	xor	a, a
    00000234 32               [ 8]  498 	ld	(hl-), a
    00000235 2A               [ 8]  499 	ld	a, (hl+)
    00000236 91               [ 4]  500 	sub	a, c
    00000237 7E               [ 8]  501 	ld	a, (hl)
    00000238 98               [ 4]  502 	sbc	a, b
    00000239 56               [ 8]  503 	ld	d, (hl)
    0000023A 78               [ 4]  504 	ld	a, b
    0000023B 5F               [ 4]  505 	ld	e, a
    0000023C CB 7B            [ 8]  506 	bit	7, e
    0000023E 28 07            [12]  507 	jr	Z, 00143$
    00000240 CB 7A            [ 8]  508 	bit	7, d
    00000242 20 08            [12]  509 	jr	NZ, 00144$
    00000244 BF               [ 4]  510 	cp	a, a
    00000245 18 05            [12]  511 	jr	00144$
    00000247                        512 00143$:
    00000247 CB 7A            [ 8]  513 	bit	7, d
    00000249 28 01            [12]  514 	jr	Z, 00144$
    0000024B 37               [ 4]  515 	scf
    0000024C                        516 00144$:
    0000024C 30 35            [12]  517 	jr	NC, 00109$
                                    518 ;scene.c:89: t = TILE_V_L; set_bkg_tiles(tx,          y, 1, 1, &t);
    0000024E F8 00            [12]  519 	ldhl	sp,	#0
    00000250 36 07            [12]  520 	ld	(hl), #0x07
    00000252 21 00 00         [12]  521 	ld	hl, #0
    00000255 39               [ 8]  522 	add	hl, sp
    00000256 E5               [16]  523 	push	hl
    00000257 21 01 01         [12]  524 	ld	hl, #0x101
    0000025A E5               [16]  525 	push	hl
    0000025B F8 0B            [12]  526 	ldhl	sp,	#11
    0000025D 3A               [ 8]  527 	ld	a, (hl-)
    0000025E 57               [ 4]  528 	ld	d, a
    0000025F 5E               [ 8]  529 	ld	e, (hl)
    00000260 D5               [16]  530 	push	de
    00000261 CDr00r00         [24]  531 	call	_set_bkg_tiles
    00000264 E8 06            [16]  532 	add	sp, #6
                                    533 ;scene.c:90: t = TILE_V_R; set_bkg_tiles(tx + tw - 1, y, 1, 1, &t);
    00000266 F8 00            [12]  534 	ldhl	sp,#0
    00000268 36 08            [12]  535 	ld	(hl), #0x08
    0000026A E5               [16]  536 	push	hl
    0000026B 21 01 01         [12]  537 	ld	hl, #0x101
    0000026E E5               [16]  538 	push	hl
    0000026F F8 0B            [12]  539 	ldhl	sp,	#11
    00000271 7E               [ 8]  540 	ld	a, (hl)
    00000272 F5               [16]  541 	push	af
    00000273 33               [ 8]  542 	inc	sp
    00000274 F8 06            [12]  543 	ldhl	sp,	#6
    00000276 7E               [ 8]  544 	ld	a, (hl)
    00000277 F5               [16]  545 	push	af
    00000278 33               [ 8]  546 	inc	sp
    00000279 CDr00r00         [24]  547 	call	_set_bkg_tiles
    0000027C E8 06            [16]  548 	add	sp, #6
                                    549 ;scene.c:88: for (y = ty + 1; y < ty + th - 1; y++) {
    0000027E F8 07            [12]  550 	ldhl	sp,	#7
    00000280 34               [12]  551 	inc	(hl)
    00000281 18 9A            [12]  552 	jr	00107$
    00000283                        553 00109$:
                                    554 ;scene.c:92: }
    00000283 E8 08            [16]  555 	add	sp, #8
    00000285 E1               [12]  556 	pop	hl
    00000286 F1               [12]  557 	pop	af
    00000287 E9               [ 4]  558 	jp	(hl)
                                    559 	.area _CODE
                                    560 	.area _INITIALIZER
                                    561 	.area _CABS (ABS)
